{"ip":"::1","level":"info","message":"Incoming Request","method":"GET","timestamp":"2026-04-18T16:48:06.435Z","url":"/buddies/empid101"}
{"level":"error","message":"Fetch buddy by id is failed Buddy not existed","timestamp":"2026-04-18T16:48:06.471Z"}
{"ip":"::1","level":"info","message":"Incoming Request","method":"GET","timestamp":"2026-04-18T16:54:51.633Z","url":"/buddies/empid101"}
{"level":"error","message":"Fetch buddy by id is failed Buddy not existed","timestamp":"2026-04-18T16:54:51.665Z"}
{"level":"error","message":"Unhandled Error Buddy not existed","method":"GET","stack":"Error: Buddy not existed\n    at getBuddiesById (file:///Users/muhammedarasathcn/NODE_JS/buddies-nickname/src/services/buddies.service.js:20:11)\n    at process.processTicksAndRejections (node:internal/process/task_queues:104:5)\n    at async getBuddyById (file:///Users/muhammedarasathcn/NODE_JS/buddies-nickname/src/controllers/buddies.controller.js:48:22)","timestamp":"2026-04-18T16:54:51.665Z","url":"/buddies/empid101"}
{"ip":"::1","level":"info","message":"Incoming Request","method":"GET","timestamp":"2026-04-18T16:55:05.551Z","url":"/buddies/empid101"}
{"level":"error","message":"Fetch buddy by id is failed Buddy not existed","timestamp":"2026-04-18T16:55:05.582Z"}
{"ip":"::1","level":"info","message":"Incoming Request","method":"POST","timestamp":"2026-04-18T16:57:36.822Z","url":"/buddies"}
{"level":"error","message":"Create buddy failed Buddy already existed","timestamp":"2026-04-18T16:57:36.879Z"}
{"ip":"::1","level":"info","message":"Incoming Request","method":"POST","timestamp":"2026-04-18T16:58:02.415Z","url":"/buddies"}
{"ip":"::1","level":"info","message":"Incoming Request","method":"POST","timestamp":"2026-04-18T17:09:04.838Z","url":"/buddies"}
{"level":"error","message":"Create buddy failed Buddy already existed","timestamp":"2026-04-18T17:09:04.867Z"}
{"ip":"::1","level":"info","message":"Incoming Request","method":"GET","timestamp":"2026-04-18T17:09:10.119Z","url":"/buddies/empid101"}
{"level":"error","message":"Fetch buddy by id is failed Buddy not existed","timestamp":"2026-04-18T17:09:10.143Z"}
{"ip":"::1","level":"info","message":"Incoming Request","method":"GET","timestamp":"2026-04-18T17:09:13.848Z","url":"/buddies/empid102"}
{"ip":"::1","level":"info","message":"Incoming Request","method":"PATCH","timestamp":"2026-04-18T17:09:23.011Z","url":"/buddies/empid102"}
{"ip":"::1","level":"info","message":"Incoming Request","method":"GET","timestamp":"2026-04-18T17:09:27.290Z","url":"/buddies/empid102"}
{"ip":"::1","level":"info","message":"Incoming Request","method":"DELETE","timestamp":"2026-04-18T17:20:20.012Z","url":"/buddies/empid101"}
{"ip":"::1","level":"info","message":"Incoming Request","method":"PATCH","timestamp":"2026-04-18T17:20:26.279Z","url":"/buddies/empid102"}
{"ip":"::1","level":"info","message":"Incoming Request","method":"GET","timestamp":"2026-04-18T17:20:30.701Z","url":"/buddies/empid102"}
{"ip":"::1","level":"info","message":"Incoming Request","method":"GET","timestamp":"2026-04-18T17:20:34.368Z","url":"/buddies/empid101"}
{"level":"error","message":"Fetch buddy by id is failed Buddy not existed","timestamp":"2026-04-18T17:20:34.393Z"}
{"ip":"::1","level":"info","message":"Incoming Request","method":"DELETE","timestamp":"2026-04-18T17:20:40.266Z","url":"/buddies/empid101"}
{"ip":"::1","level":"info","message":"Incoming Request","method":"DELETE","timestamp":"2026-04-18T17:21:42.417Z","url":"/buddies/empid101"}
{"level":"error","message":"Soft delete buddy failed Buddy is already deleted","timestamp":"2026-04-18T17:21:42.458Z"}
